<html>
<body>
<pre>
<h1>µVision Build Log</h1>
<h2>Tool Versions:</h2>
IDE-Version: ¦ÌVision V5.34.0.0
Copyright (C) 2021 ARM Ltd and ARM Germany GmbH. All rights reserved.
License Information: 1 1, 1, LIC=EPPLD-87H8D-NTP3G-VPX8U-I8FH2-5WFLT
 
Tool Versions:
Toolchain:       MDK-ARM Professional  Version: 5.34.0.0
Toolchain Path:  D:\Keil_v5\ARM\ARMCLANG\Bin
C Compiler:      ArmClang.exe V6.16
Assembler:       Armasm.exe V6.16
Linker/Locator:  ArmLink.exe V6.16
Library Manager: ArmAr.exe V6.16
Hex Converter:   FromElf.exe V6.16
CPU DLL:         SARMCM3.DLL V5.34.0.0
Dialog DLL:      DCM.DLL V1.17.3.0
Target DLL:      STLink\ST-LINKIII-KEIL_SWO.dll V3.0.8.0
Dialog DLL:      TCM.DLL V1.48.0.0
 
<h2>Project:</h2>
D:\IRON2\MDK\Project.uvprojx
Project File Date:  06/17/2025

<h2>Output:</h2>
*** Using Compiler 'V6.16', folder: 'D:\Keil_v5\ARM\ARMCLANG\Bin'
Rebuild target 'IRONCORE_F470VET6'
compiling systick.c...
compiling main.c...
compiling ir_cmic_gd32f470vet6.c...
compiling lfs_port.c...
compiling unicode.c...
compiling gd32f4xx_it.c...
compiling gd25qxx.c...
compiling btn_app.c...
compiling led_app.c...
compiling rtc_app.c...
compiling oled_app.c...
compiling scheduler.c...
compiling lfs_util.c...
compiling oled.c...
compiling diskio.c...
compiling ebtn.c...
compiling adc_app.c...
compiling sd_app.c...
compiling usart_app.c...
compiling sdio_sdcard.c...
compiling ff.c...
compiling gd32f4xx_can.c...
compiling lfs.c...
compiling gd32f4xx_adc.c...
compiling gd32f4xx_crc.c...
compiling gd32f4xx_dbg.c...
compiling gd32f4xx_ctc.c...
compiling gd32f4xx_dac.c...
compiling gd32f4xx_dci.c...
compiling gd32f4xx_dma.c...
compiling gd32f4xx_enet.c...
compiling gd32f4xx_gpio.c...
compiling gd32f4xx_iref.c...
compiling gd32f4xx_sdio.c...
compiling gd32f4xx_rcu.c...
compiling gd32f4xx_exmc.c...
compiling gd32f4xx_exti.c...
compiling gd32f4xx_fwdgt.c...
compiling gd32f4xx_spi.c...
compiling gd32f4xx_syscfg.c...
compiling gd32f4xx_i2c.c...
compiling gd32f4xx_misc.c...
compiling gd32f4xx_pmu.c...
compiling gd32f4xx_timer.c...
compiling gd32f4xx_rtc.c...
assembling systick_wrapper_gnu.s...
compiling gd32f4xx_ipa.c...
compiling gd32f4xx_trng.c...
compiling gd32f4xx_tli.c...
compiling gd32f4xx_fmc.c...
compiling gd32f4xx_usart.c...
compiling gd32f4xx_wwdgt.c...
compiling perfc_port_default.c...
compiling system_gd32f4xx.c...
assembling startup_gd32f450_470.s...
compiling perf_counter.c...
linking...
Program Size: Code=50708 RO-data=5504 RW-data=328 ZI-data=6248  
FromELF: creating hex file...
After Build - User command #1: ./keil5_disp_size_bar.exe
ram:
  RW_IRAM1 :0x20000000
  192.00 KB :|____________________|    3.34 % (    6.42 KB /   192.00 KB) [190032 B]
flash:
  ER_IROM1 :0x8000000
  512.00 KB :|¡ö¡ö__________________|   10.72 % (   54.89 KB /   512.00 KB) [468076 B]
".\output\Project.axf" - 0 Error(s), 0 Warning(s).

<h2>Software Packages used:</h2>

Package Vendor: ARM
                https://www.keil.com/pack/ARM.CMSIS.6.1.0.pack
                ARM.CMSIS.6.1.0
                CMSIS (Common Microcontroller Software Interface Standard)
   * Component: CORE Version: 6.1.0

Package Vendor: GigaDevice
                https://gd32mcu.com/data/documents/pack/GigaDevice.GD32F4xx_DFP.3.0.3.pack
                GigaDevice.GD32F4xx_DFP.3.0.3
                GigaDevice GD32F4xx Series Device Support and Examples

Package Vendor: GorgonMeducer
                https://raw.githubusercontent.com/GorgonMeducer/perf_counter/CMSIS-Pack/cmsis-pack/GorgonMeducer.perf_counter.2.4.0.pack
                GorgonMeducer.perf_counter.2.4.0
                A dedicated performance counter for the Cortex-M Systick. It shares the SysTick with users' original SysTick function without interfering with it. This library will bring new functionalities, such as performance counter, APIs for delay, clock() defined in time.h etc.
   * Component: Core Variant: Source Version: 2.4.0

<h2>Collection of Component include folders:</h2>
  .\RTE\_IRONCORE_F470VET6
  D:\Keil_v5\Arm\Packs\ARM\CMSIS\6.1.0\CMSIS\Core\Include
  D:\Keil_v5\Arm\Packs\GigaDevice\GD32F4xx_DFP\3.0.3\Device\F4XX\Include
  D:\Keil_v5\Arm\Packs\GorgonMeducer\perf_counter\2.4.0

<h2>Collection of Component Files used:</h2>

   * Component: ARM::CMSIS:CORE:6.1.0

   * Component: GorgonMeducer::Utilities:perf_counter:Core:Source:2.4.0
      Source file:   perf_counter.c
      Include file:  perf_counter.h
      Source file:   perfc_port_default.c
      Source file:   systick_wrapper_gnu.s
Build Time Elapsed:  00:00:15
</pre>
</body>
</html>
